#-----------------------------------------------------------
# Webtalk v2020.2 (64-bit)
# SW Build 3064766 on Wed Nov 18 09:12:45 MST 2020
# IP Build 3064653 on Wed Nov 18 14:17:31 MST 2020
# Start of session at: Fri Jul  7 10:58:56 2023
# Process ID: 21060
# Current directory: C:/Users/Admin/Desktop/wang/7020/14_hdmi_block_move/prj/hdmi_block_move.sim/sim_1/behav/xsim
# Command line: wbtcv.exe -mode batch -source C:/Users/Admin/Desktop/wang/7020/14_hdmi_block_move/prj/hdmi_block_move.sim/sim_1/behav/xsim/xsim.dir/tb_top_hdmi_block_move_behav/webtalk/xsim_webtalk.tcl -notrace
# Log file: C:/Users/Admin/Desktop/wang/7020/14_hdmi_block_move/prj/hdmi_block_move.sim/sim_1/behav/xsim/webtalk.log
# Journal file: C:/Users/Admin/Desktop/wang/7020/14_hdmi_block_move/prj/hdmi_block_move.sim/sim_1/behav/xsim\webtalk.jou
#-----------------------------------------------------------
source C:/Users/Admin/Desktop/wang/7020/14_hdmi_block_move/prj/hdmi_block_move.sim/sim_1/behav/xsim/xsim.dir/tb_top_hdmi_block_move_behav/webtalk/xsim_webtalk.tcl -notrace
